// Jest Snapshot v1, https://goo.gl/fbAQLP

exports[`Parser Case 1 1`] = `
Object {
  "body": Array [
    Object {
      "body": Array [
        Object {
          "kind": "JsxSelfClosingExpr",
          "props": Array [
            Object {
              "key": Object {
                "kind": "IdentityExpr",
                "name": "list",
              },
              "kind": "PropExpr",
              "value": Object {
                "items": Array [
                  Object {
                    "kind": "ObjectExpr",
                    "props": Object {
                      "content": Object {
                        "body": Array [
                          Object {
                            "kind": "TextExpr",
                            "value": "233",
                          },
                        ],
                        "closingTag": Object {
                          "kind": "ClosingTagExpr",
                          "tagName": Object {
                            "kind": "IdentityExpr",
                            "name": "View",
                          },
                        },
                        "kind": "JsxExpr",
                        "openingTag": Object {
                          "kind": "OpeningTagExpr",
                          "props": Array [
                            Object {
                              "key": Object {
                                "kind": "IdentityExpr",
                                "name": "color",
                              },
                              "kind": "PropExpr",
                              "value": Object {
                                "kind": "StringExpr",
                                "value": "red",
                              },
                            },
                          ],
                          "tagName": Object {
                            "kind": "IdentityExpr",
                            "name": "View",
                          },
                        },
                      },
                      "logo": Object {
                        "kind": "JsxSelfClosingExpr",
                        "props": Array [
                          Object {
                            "key": Object {
                              "kind": "IdentityExpr",
                              "name": "mode",
                            },
                            "kind": "PropExpr",
                            "value": Object {
                              "kind": "StringExpr",
                              "value": "test",
                            },
                          },
                        ],
                        "tagName": Object {
                          "kind": "IdentityExpr",
                          "name": "Image",
                        },
                      },
                    },
                  },
                  Object {
                    "kind": "ObjectExpr",
                    "props": Object {
                      "content": Object {
                        "kind": "JsxSelfClosingExpr",
                        "props": Array [],
                        "tagName": Object {
                          "kind": "IdentityExpr",
                          "name": "View",
                        },
                      },
                    },
                  },
                ],
                "kind": "ArrayExpr",
              },
            },
          ],
          "tagName": Object {
            "kind": "IdentityExpr",
            "name": "List",
          },
        },
        Object {
          "kind": "JsxSelfClosingExpr",
          "props": Array [],
          "tagName": Object {
            "kind": "IdentityExpr",
            "name": "div",
          },
        },
        Object {
          "kind": "JsxSelfClosingExpr",
          "props": Array [
            Object {
              "key": Object {
                "kind": "IdentityExpr",
                "name": "id",
              },
              "kind": "PropExpr",
              "value": Object {
                "kind": "StringExpr",
                "value": "qwq",
              },
            },
          ],
          "tagName": Object {
            "kind": "IdentityExpr",
            "name": "div",
          },
        },
        Object {
          "body": Array [
            Object {
              "kind": "TextExpr",
              "value": "aaa",
            },
          ],
          "closingTag": Object {
            "kind": "ClosingTagExpr",
            "tagName": Object {
              "kind": "IdentityExpr",
              "name": "span",
            },
          },
          "kind": "JsxExpr",
          "openingTag": Object {
            "kind": "OpeningTagExpr",
            "props": Array [],
            "tagName": Object {
              "kind": "IdentityExpr",
              "name": "span",
            },
          },
        },
        Object {
          "body": Array [
            Object {
              "kind": "TextExpr",
              "value": "1234",
            },
          ],
          "closingTag": Object {
            "kind": "ClosingTagExpr",
            "tagName": Object {
              "kind": "IdentityExpr",
              "name": "span",
            },
          },
          "kind": "JsxExpr",
          "openingTag": Object {
            "kind": "OpeningTagExpr",
            "props": Array [],
            "tagName": Object {
              "kind": "IdentityExpr",
              "name": "span",
            },
          },
        },
        Object {
          "body": Array [
            Object {
              "kind": "TextExpr",
              "value": "1234asd",
            },
          ],
          "closingTag": Object {
            "kind": "ClosingTagExpr",
            "tagName": Object {
              "kind": "IdentityExpr",
              "name": "span",
            },
          },
          "kind": "JsxExpr",
          "openingTag": Object {
            "kind": "OpeningTagExpr",
            "props": Array [],
            "tagName": Object {
              "kind": "IdentityExpr",
              "name": "span",
            },
          },
        },
        Object {
          "body": Array [
            Object {
              "kind": "TextExpr",
              "value": "12aa",
            },
            Object {
              "body": Array [
                Object {
                  "kind": "TextExpr",
                  "value": "aaa",
                },
              ],
              "closingTag": Object {
                "kind": "ClosingTagExpr",
                "tagName": Object {
                  "kind": "IdentityExpr",
                  "name": "span",
                },
              },
              "kind": "JsxExpr",
              "openingTag": Object {
                "kind": "OpeningTagExpr",
                "props": Array [],
                "tagName": Object {
                  "kind": "IdentityExpr",
                  "name": "span",
                },
              },
            },
            Object {
              "kind": "TextExpr",
              "value": "aa234234aaa",
            },
          ],
          "closingTag": Object {
            "kind": "ClosingTagExpr",
            "tagName": Object {
              "kind": "IdentityExpr",
              "name": "span",
            },
          },
          "kind": "JsxExpr",
          "openingTag": Object {
            "kind": "OpeningTagExpr",
            "props": Array [],
            "tagName": Object {
              "kind": "IdentityExpr",
              "name": "span",
            },
          },
        },
      ],
      "closingTag": Object {
        "kind": "ClosingTagExpr",
        "tagName": Object {
          "kind": "IdentityExpr",
          "name": "div",
        },
      },
      "kind": "JsxExpr",
      "openingTag": Object {
        "kind": "OpeningTagExpr",
        "props": Array [
          Object {
            "key": Object {
              "kind": "IdentityExpr",
              "name": "width",
            },
            "kind": "PropExpr",
            "value": Object {
              "kind": "NumberExpr",
              "value": 100,
            },
          },
          Object {
            "key": Object {
              "kind": "IdentityExpr",
              "name": "contentEditable",
            },
            "kind": "PropExpr",
            "value": Object {
              "kind": "BooleanExpr",
              "value": true,
            },
          },
          Object {
            "key": Object {
              "kind": "IdentityExpr",
              "name": "color",
            },
            "kind": "PropExpr",
            "value": Object {
              "kind": "StringExpr",
              "value": "red",
            },
          },
          Object {
            "key": Object {
              "kind": "IdentityExpr",
              "name": "style",
            },
            "kind": "PropExpr",
            "value": Object {
              "kind": "ObjectExpr",
              "props": Object {
                "background": Object {
                  "kind": "StringExpr",
                  "value": "blue",
                },
                "child": Object {
                  "body": Array [
                    Object {
                      "kind": "TextExpr",
                      "value": "233",
                    },
                  ],
                  "closingTag": Object {
                    "kind": "ClosingTagExpr",
                    "tagName": Object {
                      "kind": "IdentityExpr",
                      "name": "span",
                    },
                  },
                  "kind": "JsxExpr",
                  "openingTag": Object {
                    "kind": "OpeningTagExpr",
                    "props": Array [],
                    "tagName": Object {
                      "kind": "IdentityExpr",
                      "name": "span",
                    },
                  },
                },
                "color": Object {
                  "kind": "StringExpr",
                  "value": "red",
                },
                "test": Object {
                  "kind": "ObjectExpr",
                  "props": Object {
                    "color": Object {
                      "kind": "StringExpr",
                      "value": "red",
                    },
                  },
                },
                "width": Object {
                  "kind": "NumberExpr",
                  "value": 100,
                },
              },
            },
          },
          Object {
            "key": Object {
              "kind": "IdentityExpr",
              "name": "id",
            },
            "kind": "PropExpr",
            "value": Object {
              "kind": "StringExpr",
              "value": "233ccc",
            },
          },
          Object {
            "key": Object {
              "kind": "IdentityExpr",
              "name": "class2Name",
            },
            "kind": "PropExpr",
            "value": Object {
              "kind": "StringExpr",
              "value": "qwq123",
            },
          },
        ],
        "tagName": Object {
          "kind": "IdentityExpr",
          "name": "div",
        },
      },
    },
  ],
  "kind": "Program",
}
`;
